{"level":"info","message":"⌛ Building environment","timeElapsed":876,"timestamp":"2026-09-25T19:30:33.857Z"}
{"level":"info","message":"⌛ Building environment","timeElapsed":608,"timestamp":"2026-09-25T19:30:34.523Z"}
{"level":"info","message":"⌛ Building environment","timeElapsed":421,"timestamp":"2026-09-25T19:30:35.316Z"}
{"level":"info","message":"⌛ Validating tests/testsGenerales/testExample.wtest","timeElapsed":881,"timestamp":"2026-09-25T19:30:36.202Z"}
{"level":"info","message":"⌛ Building environment","timeElapsed":289,"timestamp":"2026-09-25T19:30:36.499Z"}
{"level":"info","message":"⌛ Building environment","timeElapsed":328,"timestamp":"2026-09-25T19:30:36.831Z"}
{"level":"info","message":"⌛ Building environment","timeElapsed":249,"timestamp":"2026-09-25T19:30:37.109Z"}
{"level":"info","message":"⌛ Building environment","timeElapsed":253,"timestamp":"2026-09-25T19:30:37.408Z"}
{"level":"info","message":"⌛ Validating Zathura-Game.wpgm","timeElapsed":699,"timestamp":"2026-09-25T19:30:38.109Z"}
{"level":"info","message":"⌛ Building environment","timeElapsed":696,"timestamp":"2026-09-25T19:30:38.816Z"}
{"level":"info","message":"⌛ Building environment","timeElapsed":370,"timestamp":"2026-09-25T19:30:39.188Z"}
{"level":"info","message":"⌛ Building environment","timeElapsed":407,"timestamp":"2026-09-25T19:30:39.597Z"}
{"level":"info","message":"⌛ Building environment","timeElapsed":254,"timestamp":"2026-09-25T19:30:39.873Z"}
{"level":"info","message":"⌛ Building environment","timeElapsed":232,"timestamp":"2026-09-25T19:30:40.136Z"}
{"level":"info","message":"⌛ Building environment","timeElapsed":274,"timestamp":"2026-09-25T19:30:40.412Z"}
{"level":"info","message":"⌛ Building environment","timeElapsed":255,"timestamp":"2026-09-25T19:30:40.670Z"}
{"level":"info","message":"⌛ Validating tests/testsUnitarios/testExample.wtest","timeElapsed":501,"timestamp":"2026-09-25T19:30:41.221Z"}
{"level":"info","message":"⌛ Building environment","timeElapsed":220,"timestamp":"2026-09-25T19:30:41.443Z"}
{"level":"info","message":"⌛ Building environment","timeElapsed":324,"timestamp":"2026-09-25T19:30:41.769Z"}
{"level":"info","message":"⌛ Validating tests/testsGenerales/testExample.wtest","timeElapsed":573,"timestamp":"2026-09-25T19:30:42.350Z"}
{"level":"info","message":"⌛ Building environment","timeElapsed":425,"timestamp":"2026-09-25T19:30:42.776Z"}
{"level":"info","message":"⌛ Validating Zathura-Game.wpgm","timeElapsed":328,"timestamp":"2026-09-25T19:30:43.128Z"}
{"level":"info","message":"⌛ Validating tests/testsUnitarios/testExample.wtest","timeElapsed":296,"timestamp":"2026-09-25T19:30:43.426Z"}
{"level":"info","message":"⌛ Building environment","timeElapsed":199,"timestamp":"2026-09-25T19:30:43.626Z"}
{"level":"info","message":"⌛ Building environment","timeElapsed":203,"timestamp":"2026-09-25T19:30:43.831Z"}
{"level":"info","message":"⌛ Validating src/mecanicas/disparo.wlk","timeElapsed":354,"timestamp":"2026-09-25T19:30:44.210Z"}
{"level":"info","message":"⌛ Validating src/mecanicas/randomizer.wlk","timeElapsed":351,"timestamp":"2026-09-25T19:30:44.563Z"}
{"level":"info","message":"⌛ Building environment","timeElapsed":212,"timestamp":"2026-09-25T19:30:44.792Z"}
{"level":"info","message":"⌛ Validating tests/testsGenerales/testExample.wtest","timeElapsed":419,"timestamp":"2026-09-25T19:30:45.224Z"}
{"level":"info","message":"⌛ Validating Zathura-Game.wpgm","timeElapsed":357,"timestamp":"2026-09-25T19:30:45.583Z"}
{"level":"info","message":"⌛ Validating tests/testsUnitarios/testExample.wtest","timeElapsed":280,"timestamp":"2026-09-25T19:30:45.865Z"}
{"level":"info","message":"⌛ Validating src/mecanicas/disparo.wlk","timeElapsed":306,"timestamp":"2026-09-25T19:30:46.172Z"}
{"level":"info","message":"⌛ Validating src/mecanicas/randomizer.wlk","timeElapsed":298,"timestamp":"2026-09-25T19:30:46.471Z"}
{"level":"info","message":"⌛ Validating src/mecanicas/direcciones.wlk","timeElapsed":402,"timestamp":"2026-09-25T19:30:46.875Z"}
{"level":"info","message":"⌛ Validating tests/testsGenerales/testExample.wtest","timeElapsed":479,"timestamp":"2026-09-25T19:30:47.362Z"}
{"level":"info","message":"⌛ Validating Zathura-Game.wpgm","timeElapsed":491,"timestamp":"2026-09-25T19:30:47.855Z"}
{"level":"info","message":"⌛ Validating tests/testsUnitarios/testExample.wtest","timeElapsed":432,"timestamp":"2026-09-25T19:30:48.291Z"}
{"level":"info","message":"⌛ Validating src/mecanicas/disparo.wlk","timeElapsed":266,"timestamp":"2026-09-25T19:30:48.557Z"}
{"level":"info","message":"⌛ Validating src/mecanicas/randomizer.wlk","timeElapsed":259,"timestamp":"2026-09-25T19:30:48.817Z"}
{"level":"info","message":"⌛ Validating src/mecanicas/direcciones.wlk","timeElapsed":279,"timestamp":"2026-09-25T19:30:49.097Z"}
{"level":"info","message":"⌛ Validating src/mecanicas/balas/bala.wlk","timeElapsed":324,"timestamp":"2026-09-25T19:30:49.423Z"}
{"level":"info","message":"⌛ Validating src/mecanicas/balas/clases/superBala.wlk","timeElapsed":319,"timestamp":"2026-09-25T19:30:49.743Z"}
{"level":"info","message":"⌛ Building environment","timeElapsed":306,"timestamp":"2026-09-25T19:30:50.050Z"}
{"level":"info","message":"⌛ Validating src/mecanicas/balas/clases/balaNormal.wlk","timeElapsed":367,"timestamp":"2026-09-25T19:30:50.430Z"}
{"level":"info","message":"⌛ Validating src/mecanicas/balas/clases/balaDoble.wlk","timeElapsed":576,"timestamp":"2026-09-25T19:30:51.014Z"}
{"level":"info","message":"⌛ Validating src/personajes/enemigos/enemigo.wlk","timeElapsed":398,"timestamp":"2026-09-25T19:30:51.414Z"}
{"level":"info","message":"⌛ Validating src/personajes/enemigos/clases/pulpo.wlk","timeElapsed":341,"timestamp":"2026-09-25T19:30:51.759Z"}
{"level":"info","message":"⌛ Validating src/personajes/enemigos/clases/calamar.wlk","timeElapsed":334,"timestamp":"2026-09-25T19:30:52.096Z"}
{"level":"info","message":"⌛ Validating src/personajes/enemigos/clases/alien.wlk","timeElapsed":336,"timestamp":"2026-09-25T19:30:52.433Z"}
{"level":"info","message":"⌛ Building environment","timeElapsed":401,"timestamp":"2026-09-25T19:30:52.836Z"}
{"level":"info","message":"⌛ Validating src/personajes/naves/nave.wlk","timeElapsed":372,"timestamp":"2026-09-25T19:30:53.210Z"}
{"level":"info","message":"⌛ Validating src/personajes/naves/clases/naveBasica.wlk","timeElapsed":342,"timestamp":"2026-09-25T19:30:53.567Z"}
{"level":"info","message":"⌛ Validating Zathura-Game.wpgm","timeElapsed":316,"timestamp":"2026-09-25T19:30:53.903Z"}
{"level":"info","message":"⌛ Validating tests/testsUnitarios/testExample.wtest","timeElapsed":271,"timestamp":"2026-09-25T19:30:54.175Z"}
{"level":"info","message":"⌛ Validating src/mecanicas/disparo.wlk","timeElapsed":261,"timestamp":"2026-09-25T19:30:54.437Z"}
{"level":"info","message":"⌛ Validating src/mecanicas/randomizer.wlk","timeElapsed":267,"timestamp":"2026-09-25T19:30:54.705Z"}
{"level":"info","message":"⌛ Validating src/mecanicas/direcciones.wlk","timeElapsed":304,"timestamp":"2026-09-25T19:30:55.010Z"}
{"level":"info","message":"⌛ Validating src/mecanicas/balas/bala.wlk","timeElapsed":381,"timestamp":"2026-09-25T19:30:55.393Z"}
{"level":"info","message":"⌛ Validating src/mecanicas/balas/clases/superBala.wlk","timeElapsed":325,"timestamp":"2026-09-25T19:30:55.722Z"}
{"level":"info","message":"⌛ Validating src/mecanicas/balas/clases/balaNormal.wlk","timeElapsed":276,"timestamp":"2026-09-25T19:30:55.999Z"}
{"level":"info","message":"⌛ Validating src/mecanicas/balas/clases/balaDoble.wlk","timeElapsed":286,"timestamp":"2026-09-25T19:30:56.286Z"}
{"level":"info","message":"⌛ Validating src/personajes/enemigos/enemigo.wlk","timeElapsed":340,"timestamp":"2026-09-25T19:30:56.628Z"}
{"level":"info","message":"⌛ Validating src/personajes/enemigos/clases/pulpo.wlk","timeElapsed":334,"timestamp":"2026-09-25T19:30:56.964Z"}
{"level":"info","message":"⌛ Validating src/personajes/enemigos/clases/calamar.wlk","timeElapsed":318,"timestamp":"2026-09-25T19:30:57.283Z"}
{"level":"info","message":"⌛ Validating src/personajes/enemigos/clases/alien.wlk","timeElapsed":290,"timestamp":"2026-09-25T19:30:57.573Z"}
{"level":"info","message":"⌛ Validating src/personajes/naves/nave.wlk","timeElapsed":314,"timestamp":"2026-09-25T19:30:57.889Z"}
{"level":"info","message":"⌛ Validating src/personajes/naves/clases/naveBasica.wlk","timeElapsed":299,"timestamp":"2026-09-25T19:30:58.190Z"}
{"level":"info","message":"⌛ Validating Zathura-Game.wpgm","timeElapsed":352,"timestamp":"2026-09-25T19:30:58.544Z"}
{"level":"info","message":"⌛ Validating tests/testsUnitarios/testExample.wtest","timeElapsed":319,"timestamp":"2026-09-25T19:30:58.865Z"}
{"level":"info","message":"⌛ Validating src/mecanicas/disparo.wlk","timeElapsed":265,"timestamp":"2026-09-25T19:30:59.130Z"}
{"level":"info","message":"⌛ Validating src/mecanicas/randomizer.wlk","timeElapsed":257,"timestamp":"2026-09-25T19:30:59.388Z"}
{"level":"info","message":"⌛ Validating src/mecanicas/direcciones.wlk","timeElapsed":249,"timestamp":"2026-09-25T19:30:59.639Z"}
{"level":"info","message":"⌛ Validating src/mecanicas/balas/bala.wlk","timeElapsed":251,"timestamp":"2026-09-25T19:30:59.891Z"}
{"level":"info","message":"⌛ Validating src/mecanicas/balas/clases/superBala.wlk","timeElapsed":254,"timestamp":"2026-09-25T19:31:00.146Z"}
{"level":"info","message":"⌛ Validating src/mecanicas/balas/clases/balaNormal.wlk","timeElapsed":248,"timestamp":"2026-09-25T19:31:00.394Z"}
{"level":"info","message":"⌛ Validating src/mecanicas/balas/clases/balaDoble.wlk","timeElapsed":248,"timestamp":"2026-09-25T19:31:00.644Z"}
{"level":"info","message":"⌛ Validating src/personajes/enemigos/enemigo.wlk","timeElapsed":250,"timestamp":"2026-09-25T19:31:00.895Z"}
{"level":"info","message":"⌛ Validating src/personajes/enemigos/clases/pulpo.wlk","timeElapsed":252,"timestamp":"2026-09-25T19:31:01.148Z"}
{"level":"info","message":"⌛ Validating src/personajes/enemigos/clases/calamar.wlk","timeElapsed":412,"timestamp":"2026-09-25T19:31:01.561Z"}
{"level":"info","message":"⌛ Validating src/personajes/enemigos/clases/alien.wlk","timeElapsed":355,"timestamp":"2026-09-25T19:31:01.918Z"}
{"level":"info","message":"⌛ Validating src/personajes/naves/nave.wlk","timeElapsed":279,"timestamp":"2026-09-25T19:31:02.198Z"}
{"level":"info","message":"⌛ Validating src/personajes/naves/clases/naveBasica.wlk","timeElapsed":261,"timestamp":"2026-09-25T19:31:02.459Z"}
